{"synthetic": false,
 "schemaVersion": "2025-09-10",
 "outputs":
 {"o": ["1bd6a678721a0b45.olean"],
  "i": "4ed2efe6a13b1f49.ilean",
  "c": "99ab2fea899966bc.c"},
 "log":
 [{"message":
   ".> LEAN_PATH=/home/kc_ke/Publications/zeta-h123/.lake/packages/Cli/.lake/build/lib/lean:/home/kc_ke/Publications/zeta-h123/.lake/packages/batteries/.lake/build/lib/lean:/home/kc_ke/Publications/zeta-h123/.lake/packages/Qq/.lake/build/lib/lean:/home/kc_ke/Publications/zeta-h123/.lake/packages/aesop/.lake/build/lib/lean:/home/kc_ke/Publications/zeta-h123/.lake/packages/proofwidgets/.lake/build/lib/lean:/home/kc_ke/Publications/zeta-h123/.lake/packages/importGraph/.lake/build/lib/lean:/home/kc_ke/Publications/zeta-h123/.lake/packages/LeanSearchClient/.lake/build/lib/lean:/home/kc_ke/Publications/zeta-h123/.lake/packages/plausible/.lake/build/lib/lean:/home/kc_ke/Publications/zeta-h123/.lake/packages/mathlib/.lake/build/lib/lean:/home/kc_ke/Publications/zeta-h123/.lake/build/lib/lean /home/kc_ke/.elan/toolchains/leanprover--lean4---v4.28.0/bin/lean /home/kc_ke/Publications/zeta-h123/H3/solution.lean -o /home/kc_ke/Publications/zeta-h123/.lake/build/lib/lean/H3/solution.olean -i /home/kc_ke/Publications/zeta-h123/.lake/build/lib/lean/H3/solution.ilean -c /home/kc_ke/Publications/zeta-h123/.lake/build/ir/H3/solution.c --setup /home/kc_ke/Publications/zeta-h123/.lake/build/ir/H3/solution.setup.json --json",
   "level": "trace"},
  {"message":
   "H3/solution.lean:163:22: unused variable `hd`\n\nNote: This linter can be disabled with `set_option linter.unusedVariables false`",
   "level": "warning"},
  {"message":
   "H3/solution.lean:276:4: The `show` tactic should only be used to indicate intermediate goal states for readability.\nHowever, this tactic invocation changed the goal. Please use `change` instead for these purposes.\n\nNote: This linter can be disabled with `set_option linter.style.show false`",
   "level": "warning"},
  {"message":
   "H3/solution.lean:307:31: unused variable `hp`\n\nNote: This linter can be disabled with `set_option linter.unusedVariables false`",
   "level": "warning"},
  {"message":
   "H3/solution.lean:307:46: unused variable `hf`\n\nNote: This linter can be disabled with `set_option linter.unusedVariables false`",
   "level": "warning"},
  {"message":
   "H3/solution.lean:307:59: unused variable `hq`\n\nNote: This linter can be disabled with `set_option linter.unusedVariables false`",
   "level": "warning"},
  {"message":
   "H3/solution.lean:308:5: unused variable `hd`\n\nNote: This linter can be disabled with `set_option linter.unusedVariables false`",
   "level": "warning"}],
 "inputs":
 [["H3.solution:deps",
   [["deps",
     [["ZetaH123/ZetaH123:extraDep",
       [["@ZetaH123:extraDep", "00000000000006bb"]]],
      ["imports",
       [["Mathlib transitive imports (legacy)", "8fd896a9b3011bd6"],
        ["Mathlib:importAllArts", "8fc2a9ec06d95bdc"]]]]],
    ["libs",
     [["import dynlibs", "00000000000006bb"],
      ["package external libraries", "00000000000006bb"],
      ["module dynlibs", "00000000000006bb"],
      ["module plugins", "00000000000006bb"]]]]],
  ["Lean 4.28.0, commit 7e01a1bf5c70fc6167d49c345d3bf80596e9a79b",
   "a96bc04a2e5e9630"],
  ["/home/kc_ke/Publications/zeta-h123/H3/solution.lean", "c95b0c44c2749794"],
  ["options",
   [["-DmaxSynthPendingDepth=3", "c78e353d34de85d4"],
    ["-Dweak.linter.mathlibStandardSet=true", "8a155799906f2b42"],
    ["-DrelaxedAutoImplicit=false", "74a2b5546b55be80"],
    ["-Dpp.unicode.fun=true", "9b94070140457fab"],
    ["-DautoImplicit=false", "4a85acb881fd49d0"]]],
  ["Module.leanArgs: #[]", "00000000000006bb"]],
 "depHash": "92e02ef82fa30f5a"}