{"synthetic": false,
 "schemaVersion": "2025-09-10",
 "outputs":
 {"o": ["665cc30f16ebe3e8.olean"],
  "i": "cabae083c3468713.ilean",
  "c": "701a026d2c516e95.c"},
 "log":
 [{"message":
   ".> LEAN_PATH=/home/kc_ke/Publications/zeta-h123/.lake/packages/Cli/.lake/build/lib/lean:/home/kc_ke/Publications/zeta-h123/.lake/packages/batteries/.lake/build/lib/lean:/home/kc_ke/Publications/zeta-h123/.lake/packages/Qq/.lake/build/lib/lean:/home/kc_ke/Publications/zeta-h123/.lake/packages/aesop/.lake/build/lib/lean:/home/kc_ke/Publications/zeta-h123/.lake/packages/proofwidgets/.lake/build/lib/lean:/home/kc_ke/Publications/zeta-h123/.lake/packages/importGraph/.lake/build/lib/lean:/home/kc_ke/Publications/zeta-h123/.lake/packages/LeanSearchClient/.lake/build/lib/lean:/home/kc_ke/Publications/zeta-h123/.lake/packages/plausible/.lake/build/lib/lean:/home/kc_ke/Publications/zeta-h123/.lake/packages/mathlib/.lake/build/lib/lean:/home/kc_ke/Publications/zeta-h123/.lake/build/lib/lean /home/kc_ke/.elan/toolchains/leanprover--lean4---v4.28.0/bin/lean /home/kc_ke/Publications/zeta-h123/H2/problem.lean -o /home/kc_ke/Publications/zeta-h123/.lake/build/lib/lean/H2/problem.olean -i /home/kc_ke/Publications/zeta-h123/.lake/build/lib/lean/H2/problem.ilean -c /home/kc_ke/Publications/zeta-h123/.lake/build/ir/H2/problem.c --setup /home/kc_ke/Publications/zeta-h123/.lake/build/ir/H2/problem.setup.json --json",
   "level": "trace"},
  {"message": "H2/problem.lean:82:8: declaration uses `sorry`",
   "level": "warning"},
  {"message": "H2/problem.lean:88:8: declaration uses `sorry`",
   "level": "warning"}],
 "inputs":
 [["H2.problem:deps",
   [["deps",
     [["ZetaH123/ZetaH123:extraDep",
       [["@ZetaH123:extraDep", "00000000000006bb"]]],
      ["imports",
       [["Mathlib transitive imports (legacy)", "8fd896a9b3011bd6"],
        ["Mathlib:importAllArts", "8fc2a9ec06d95bdc"]]]]],
    ["libs",
     [["import dynlibs", "00000000000006bb"],
      ["package external libraries", "00000000000006bb"],
      ["module dynlibs", "00000000000006bb"],
      ["module plugins", "00000000000006bb"]]]]],
  ["Lean 4.28.0, commit 7e01a1bf5c70fc6167d49c345d3bf80596e9a79b",
   "a96bc04a2e5e9630"],
  ["/home/kc_ke/Publications/zeta-h123/H2/problem.lean", "31591c695781ab5e"],
  ["options",
   [["-DmaxSynthPendingDepth=3", "c78e353d34de85d4"],
    ["-Dweak.linter.mathlibStandardSet=true", "8a155799906f2b42"],
    ["-DrelaxedAutoImplicit=false", "74a2b5546b55be80"],
    ["-Dpp.unicode.fun=true", "9b94070140457fab"],
    ["-DautoImplicit=false", "4a85acb881fd49d0"]]],
  ["Module.leanArgs: #[]", "00000000000006bb"]],
 "depHash": "d19bfddfc256c0a6"}