{"synthetic": false,
 "schemaVersion": "2025-09-10",
 "outputs":
 {"o": ["f7847701aced2d55.olean"],
  "i": "ca5ee66fff72fd75.ilean",
  "c": "c61203bccbef46c2.c"},
 "log":
 [{"message":
   ".> LEAN_PATH=/home/kc_ke/Publications/zeta-h123/.lake/packages/Cli/.lake/build/lib/lean:/home/kc_ke/Publications/zeta-h123/.lake/packages/batteries/.lake/build/lib/lean:/home/kc_ke/Publications/zeta-h123/.lake/packages/Qq/.lake/build/lib/lean:/home/kc_ke/Publications/zeta-h123/.lake/packages/aesop/.lake/build/lib/lean:/home/kc_ke/Publications/zeta-h123/.lake/packages/proofwidgets/.lake/build/lib/lean:/home/kc_ke/Publications/zeta-h123/.lake/packages/importGraph/.lake/build/lib/lean:/home/kc_ke/Publications/zeta-h123/.lake/packages/LeanSearchClient/.lake/build/lib/lean:/home/kc_ke/Publications/zeta-h123/.lake/packages/plausible/.lake/build/lib/lean:/home/kc_ke/Publications/zeta-h123/.lake/packages/mathlib/.lake/build/lib/lean:/home/kc_ke/Publications/zeta-h123/.lake/build/lib/lean /home/kc_ke/.elan/toolchains/leanprover--lean4---v4.28.0/bin/lean /home/kc_ke/Publications/zeta-h123/H2/solution.lean -o /home/kc_ke/Publications/zeta-h123/.lake/build/lib/lean/H2/solution.olean -i /home/kc_ke/Publications/zeta-h123/.lake/build/lib/lean/H2/solution.ilean -c /home/kc_ke/Publications/zeta-h123/.lake/build/ir/H2/solution.c --setup /home/kc_ke/Publications/zeta-h123/.lake/build/ir/H2/solution.setup.json --json",
   "level": "trace"},
  {"message":
   "H2/solution.lean:107:28: missing space in the source\n\nThis part of the code\n  'q^e % q)'\nshould be written as\n  'q ^ e'\n\n\nNote: This linter can be disabled with `set_option linter.style.whitespace false`",
   "level": "warning"},
  {"message":
   "H2/solution.lean:107:44: missing space in the source\n\nThis part of the code\n  'q^e % q)'\nshould be written as\n  'q ^ e'\n\n\nNote: This linter can be disabled with `set_option linter.style.whitespace false`",
   "level": "warning"},
  {"message":
   "H2/solution.lean:126:24: missing space in the source\n\nThis part of the code\n  'q^i + (n-k)'\nshould be written as\n  'q ^ i'\n\n\nNote: This linter can be disabled with `set_option linter.style.whitespace false`",
   "level": "warning"},
  {"message":
   "H2/solution.lean:126:31: missing space in the source\n\nThis part of the code\n  '(n-k) %'\nshould be written as\n  '(n - k)'\n\n\nNote: This linter can be disabled with `set_option linter.style.whitespace false`",
   "level": "warning"},
  {"message":
   "H2/solution.lean:126:38: missing space in the source\n\nThis part of the code\n  'q^i < q^i)'\nshould be written as\n  'q ^ i'\n\n\nNote: This linter can be disabled with `set_option linter.style.whitespace false`",
   "level": "warning"},
  {"message":
   "H2/solution.lean:126:44: missing space in the source\n\nThis part of the code\n  'q^i) :'\nshould be written as\n  'q ^ i)'\n\n\nNote: This linter can be disabled with `set_option linter.style.whitespace false`",
   "level": "warning"},
  {"message":
   "H2/solution.lean:167:56: unused variable `hd`\n\nNote: This linter can be disabled with `set_option linter.unusedVariables false`",
   "level": "warning"},
  {"message":
   "H2/solution.lean:234:28: missing space in the source\n\nThis part of the code\n  'q^e % q)'\nshould be written as\n  'q ^ e'\n\n\nNote: This linter can be disabled with `set_option linter.style.whitespace false`",
   "level": "warning"},
  {"message":
   "H2/solution.lean:234:44: missing space in the source\n\nThis part of the code\n  'q^e % q)'\nshould be written as\n  'q ^ e'\n\n\nNote: This linter can be disabled with `set_option linter.style.whitespace false`",
   "level": "warning"},
  {"message":
   "H2/solution.lean:243:20: missing space in the source\n\nThis part of the code\n  'q^f % q)'\nshould be written as\n  'q ^ f'\n\n\nNote: This linter can be disabled with `set_option linter.style.whitespace false`",
   "level": "warning"},
  {"message":
   "H2/solution.lean:243:36: missing space in the source\n\nThis part of the code\n  'q^f % q)'\nshould be written as\n  'q ^ f'\n\n\nNote: This linter can be disabled with `set_option linter.style.whitespace false`",
   "level": "warning"},
  {"message":
   "H2/solution.lean:291:100: This line exceeds the 100 character limit, please shorten it!\n\nNote: This linter can be disabled with `set_option linter.style.longLine false`",
   "level": "warning"},
  {"message":
   "H2/solution.lean:446:13: unused variable `q`\n\nNote: This linter can be disabled with `set_option linter.unusedVariables false`",
   "level": "warning"},
  {"message":
   "H2/solution.lean:653:100: This line exceeds the 100 character limit, please shorten it!\n\nNote: This linter can be disabled with `set_option linter.style.longLine false`",
   "level": "warning"},
  {"message":
   "H2/solution.lean:656:100: This line exceeds the 100 character limit, please shorten it!\n\nNote: This linter can be disabled with `set_option linter.style.longLine false`",
   "level": "warning"},
  {"message":
   "H2/solution.lean:678:30: missing space in the source\n\nThis part of the code\n  '(k-1) e'\nshould be written as\n  '(k - 1)'\n\n\nNote: This linter can be disabled with `set_option linter.style.whitespace false`",
   "level": "warning"},
  {"message":
   "H2/solution.lean:679:32: missing space in the source\n\nThis part of the code\n  '(k-1) (slotLen'\nshould be written as\n  '(k - 1)'\n\n\nNote: This linter can be disabled with `set_option linter.style.whitespace false`",
   "level": "warning"},
  {"message":
   "H2/solution.lean:756:55: missing space in the source\n\nThis part of the code\n  '(q-1) ∣'\nshould be written as\n  '(q - 1)'\n\n\nNote: This linter can be disabled with `set_option linter.style.whitespace false`",
   "level": "warning"},
  {"message":
   "H2/solution.lean:757:16: missing space in the source\n\nThis part of the code\n  'q^L) :'\nshould be written as\n  'q ^ L)'\n\n\nNote: This linter can be disabled with `set_option linter.style.whitespace false`",
   "level": "warning"},
  {"message":
   "H2/solution.lean:788:100: This line exceeds the 100 character limit, please shorten it!\n\nNote: This linter can be disabled with `set_option linter.style.longLine false`",
   "level": "warning"},
  {"message":
   "H2/solution.lean:957:39: missing space in the source\n\nThis part of the code\n  'q^e) :'\nshould be written as\n  'q ^ e)'\n\n\nNote: This linter can be disabled with `set_option linter.style.whitespace false`",
   "level": "warning"},
  {"message":
   "H2/solution.lean:993:39: missing space in the source\n\nThis part of the code\n  'q^e)\n '\nshould be written as\n  'q ^ e)'\n\n\nNote: This linter can be disabled with `set_option linter.style.whitespace false`",
   "level": "warning"},
  {"message":
   "H2/solution.lean:994:26: missing space in the source\n\nThis part of the code\n  '(q^e) <'\nshould be written as\n  '(q ^ e)'\n\n\nNote: This linter can be disabled with `set_option linter.style.whitespace false`",
   "level": "warning"},
  {"message":
   "H2/solution.lean:1022:10: This simp argument is unused:\n  List.count_replicate\n\nHint: Omit it from the simp argument list.\n  simp ̵[̵L̵i̵s̵t̵.̵c̵o̵u̵n̵t̵_̵r̵e̵p̵l̵i̵c̵a̵t̵e̵]̵\n\nNote: This linter can be disabled with `set_option linter.unusedSimpArgs false`",
   "level": "warning"},
  {"message":
   "H2/solution.lean:1019:100: This line exceeds the 100 character limit, please shorten it!\n\nNote: This linter can be disabled with `set_option linter.style.longLine false`",
   "level": "warning"},
  {"message":
   "H2/solution.lean:1019:2: The `show` tactic should only be used to indicate intermediate goal states for readability.\nHowever, this tactic invocation changed the goal. Please use `change` instead for these purposes.\n\nNote: This linter can be disabled with `set_option linter.style.show false`",
   "level": "warning"},
  {"message":
   "H2/solution.lean:1045:31: missing space in the source\n\nThis part of the code\n  'q^e) :'\nshould be written as\n  'q ^ e)'\n\n\nNote: This linter can be disabled with `set_option linter.style.whitespace false`",
   "level": "warning"},
  {"message":
   "H2/solution.lean:1087:100: This line exceeds the 100 character limit, please shorten it!\n\nNote: This linter can be disabled with `set_option linter.style.longLine false`",
   "level": "warning"},
  {"message":
   "H2/solution.lean:1101:100: This line exceeds the 100 character limit, please shorten it!\n\nNote: This linter can be disabled with `set_option linter.style.longLine false`",
   "level": "warning"},
  {"message":
   "H2/solution.lean:1108:100: This line exceeds the 100 character limit, please shorten it!\n\nNote: This linter can be disabled with `set_option linter.style.longLine false`",
   "level": "warning"},
  {"message":
   "H2/solution.lean:1113:100: This line exceeds the 100 character limit, please shorten it!\n\nNote: This linter can be disabled with `set_option linter.style.longLine false`",
   "level": "warning"},
  {"message":
   "H2/solution.lean:1116:100: This line exceeds the 100 character limit, please shorten it!\n\nNote: This linter can be disabled with `set_option linter.style.longLine false`",
   "level": "warning"},
  {"message":
   "H2/solution.lean:1120:100: This line exceeds the 100 character limit, please shorten it!\n\nNote: This linter can be disabled with `set_option linter.style.longLine false`",
   "level": "warning"},
  {"message":
   "H2/solution.lean:1122:100: This line exceeds the 100 character limit, please shorten it!\n\nNote: This linter can be disabled with `set_option linter.style.longLine false`",
   "level": "warning"},
  {"message":
   "H2/solution.lean:1145:100: This line exceeds the 100 character limit, please shorten it!\n\nNote: This linter can be disabled with `set_option linter.style.longLine false`",
   "level": "warning"},
  {"message":
   "H2/solution.lean:1246:100: This line exceeds the 100 character limit, please shorten it!\n\nNote: This linter can be disabled with `set_option linter.style.longLine false`",
   "level": "warning"},
  {"message":
   "H2/solution.lean:1228:16: missing space in the source\n\nThis part of the code\n  '(q-1) -'\nshould be written as\n  '(q - 1)'\n\n\nNote: This linter can be disabled with `set_option linter.style.whitespace false`",
   "level": "warning"},
  {"message":
   "H2/solution.lean:1344:16: missing space in the source\n\nThis part of the code\n  '(q-1) -'\nshould be written as\n  '(q - 1)'\n\n\nNote: This linter can be disabled with `set_option linter.style.whitespace false`",
   "level": "warning"},
  {"message":
   "H2/solution.lean:1379:16: missing space in the source\n\nThis part of the code\n  '(q-1) -'\nshould be written as\n  '(q - 1)'\n\n\nNote: This linter can be disabled with `set_option linter.style.whitespace false`",
   "level": "warning"},
  {"message":
   "H2/solution.lean:1428:100: This line exceeds the 100 character limit, please shorten it!\n\nNote: This linter can be disabled with `set_option linter.style.longLine false`",
   "level": "warning"},
  {"message":
   "H2/solution.lean:1587:39: missing space in the source\n\nThis part of the code\n  'q^e) :'\nshould be written as\n  'q ^ e)'\n\n\nNote: This linter can be disabled with `set_option linter.style.whitespace false`",
   "level": "warning"},
  {"message":
   "H2/solution.lean:1639:57: missing space in the source\n\nThis part of the code\n  'q^L) :'\nshould be written as\n  'q ^ L)'\n\n\nNote: This linter can be disabled with `set_option linter.style.whitespace false`",
   "level": "warning"},
  {"message":
   "H2/solution.lean:1662:100: This line exceeds the 100 character limit, please shorten it!\n\nNote: This linter can be disabled with `set_option linter.style.longLine false`",
   "level": "warning"},
  {"message":
   "H2/solution.lean:1654:16: missing space in the source\n\nThis part of the code\n  'q^Lbig)'\nshould be written as\n  'q ^ Lbig)'\n\n\nNote: This linter can be disabled with `set_option linter.style.whitespace false`",
   "level": "warning"},
  {"message":
   "H2/solution.lean:1740:20: missing space in the source\n\nThis part of the code\n  'q^i ≤ k'\nshould be written as\n  'q ^ i'\n\n\nNote: This linter can be disabled with `set_option linter.style.whitespace false`",
   "level": "warning"},
  {"message":
   "H2/solution.lean:1740:30: missing space in the source\n\nThis part of the code\n  'q^i + (n'\nshould be written as\n  'q ^ i'\n\n\nNote: This linter can be disabled with `set_option linter.style.whitespace false`",
   "level": "warning"},
  {"message":
   "H2/solution.lean:1740:46: missing space in the source\n\nThis part of the code\n  'q^i) :'\nshould be written as\n  'q ^ i)'\n\n\nNote: This linter can be disabled with `set_option linter.style.whitespace false`",
   "level": "warning"},
  {"message":
   "H2/solution.lean:1936:100: This line exceeds the 100 character limit, please shorten it!\n\nNote: This linter can be disabled with `set_option linter.style.longLine false`",
   "level": "warning"},
  {"message":
   "H2/solution.lean:1940:100: This line exceeds the 100 character limit, please shorten it!\n\nNote: This linter can be disabled with `set_option linter.style.longLine false`",
   "level": "warning"},
  {"message":
   "H2/solution.lean:1959:100: This line exceeds the 100 character limit, please shorten it!\n\nNote: This linter can be disabled with `set_option linter.style.longLine false`",
   "level": "warning"}],
 "inputs":
 [["H2.solution:deps",
   [["deps",
     [["ZetaH123/ZetaH123:extraDep",
       [["@ZetaH123:extraDep", "00000000000006bb"]]],
      ["imports",
       [["Mathlib transitive imports (legacy)", "8fd896a9b3011bd6"],
        ["Mathlib:importAllArts", "8fc2a9ec06d95bdc"]]]]],
    ["libs",
     [["import dynlibs", "00000000000006bb"],
      ["package external libraries", "00000000000006bb"],
      ["module dynlibs", "00000000000006bb"],
      ["module plugins", "00000000000006bb"]]]]],
  ["Lean 4.28.0, commit 7e01a1bf5c70fc6167d49c345d3bf80596e9a79b",
   "a96bc04a2e5e9630"],
  ["/home/kc_ke/Publications/zeta-h123/H2/solution.lean", "d4333fc33c692428"],
  ["options",
   [["-DmaxSynthPendingDepth=3", "c78e353d34de85d4"],
    ["-Dweak.linter.mathlibStandardSet=true", "8a155799906f2b42"],
    ["-DrelaxedAutoImplicit=false", "74a2b5546b55be80"],
    ["-Dpp.unicode.fun=true", "9b94070140457fab"],
    ["-DautoImplicit=false", "4a85acb881fd49d0"]]],
  ["Module.leanArgs: #[]", "00000000000006bb"]],
 "depHash": "8c58298e17352295"}